id,name,favorite_color
1,"drew",
2,"bob",
3,"alice",
1,,"green"
2,,"pink"
